分类: ☘️央视频道, 名称: CCTV-1, 有效: 4, IPv4: 69, IPv6: 0, 最小延迟: 140 ms, 最高速率: 8.24 M/s, 平均速率: 3.59 M/s, 最高分辨率: 1920x1080, 平均帧率: 41.67, 视频编解码器: h264, 音频编解码器: mp2
分类: ☘️央视频道, 名称: CCTV-2, 有效: 2, IPv4: 42, IPv6: 0, 最小延迟: 887 ms, 最高速率: 4.12 M/s, 平均速率: 2.64 M/s, 最高分辨率: 1920x1080, 平均帧率: 37.50, 视频编解码器: h264, 音频编解码器: aac
分类: ☘️央视频道, 名称: CCTV-3, 有效: 4, IPv4: 41, IPv6: 0, 最小延迟: 32 ms, 最高速率: 31.62 M/s, 平均速率: 12.22 M/s, 最高分辨率: 1920x1080, 平均帧率: 37.50, 视频编解码器: h264, 音频编解码器: mp2
分类: ☘️央视频道, 名称: CCTV-4, 有效: 3, IPv4: 42, IPv6: 0, 最小延迟: 186 ms, 最高速率: 12.86 M/s, 平均速率: 5.90 M/s, 最高分辨率: 1920x1080, 平均帧率: 50.00, 视频编解码器: h264, 音频编解码器: mp2
分类: ☘️央视频道, 名称: CCTV-5, 有效: 4, IPv4: 43, IPv6: 0, 最小延迟: 82 ms, 最高速率: 18.11 M/s, 平均速率: 8.87 M/s, 最高分辨率: 1920x1080, 平均帧率: 25.00, 视频编解码器: h264, 音频编解码器: mp2
分类: ☘️央视频道, 名称: CCTV-5+, 有效: 3, IPv4: 40, IPv6: 0, 最小延迟: 91 ms, 最高速率: 13.34 M/s, 平均速率: 8.95 M/s, 最高分辨率: 1920x1080, 平均帧率: 未知, 视频编解码器: 未知, 音频编解码器: 未知
分类: ☘️央视频道, 名称: CCTV-16, 有效: 3, IPv4: 28, IPv6: 0, 最小延迟: 80 ms, 最高速率: 18.02 M/s, 平均速率: 12.41 M/s, 最高分辨率: 1920x1080, 平均帧率: 未知, 视频编解码器: 未知, 音频编解码器: 未知
分类: ☘️央视频道, 名称: CCTV-6, 有效: 3, IPv4: 41, IPv6: 0, 最小延迟: 233 ms, 最高速率: 13.89 M/s, 平均速率: 6.29 M/s, 最高分辨率: 1920x1080, 平均帧率: 37.50, 视频编解码器: h264, 音频编解码器: mp2
分类: ☘️央视频道, 名称: CCTV-7, 有效: 4, IPv4: 44, IPv6: 0, 最小延迟: 78 ms, 最高速率: 12.43 M/s, 平均速率: 6.55 M/s, 最高分辨率: 1920x1080, 平均帧率: 41.67, 视频编解码器: h264, 音频编解码器: mp2
分类: ☘️央视频道, 名称: CCTV-8, 有效: 4, IPv4: 40, IPv6: 0, 最小延迟: 90 ms, 最高速率: 11.75 M/s, 平均速率: 4.26 M/s, 最高分辨率: 1920x1080, 平均帧率: 33.33, 视频编解码器: h264, 音频编解码器: mp2
分类: ☘️央视频道, 名称: CCTV-9, 有效: 4, IPv4: 43, IPv6: 0, 最小延迟: 159 ms, 最高速率: 9.77 M/s, 平均速率: 5.67 M/s, 最高分辨率: 1920x1080, 平均帧率: 43.75, 视频编解码器: h264, 音频编解码器: mp2
分类: ☘️央视频道, 名称: CCTV-10, 有效: 4, IPv4: 44, IPv6: 0, 最小延迟: 96 ms, 最高速率: 12.15 M/s, 平均速率: 4.85 M/s, 最高分辨率: 1920x1080, 平均帧率: 41.67, 视频编解码器: h264, 音频编解码器: mp2
分类: ☘️央视频道, 名称: CCTV-11, 有效: 4, IPv4: 35, IPv6: 0, 最小延迟: 124 ms, 最高速率: 13.81 M/s, 平均速率: 7.14 M/s, 最高分辨率: 1920x1080, 平均帧率: 37.50, 视频编解码器: h264, 音频编解码器: mp2
分类: ☘️央视频道, 名称: CCTV-12, 有效: 5, IPv4: 41, IPv6: 0, 最小延迟: 157 ms, 最高速率: 9.56 M/s, 平均速率: 3.03 M/s, 最高分辨率: 1920x1080, 平均帧率: 50.00, 视频编解码器: h264, 音频编解码器: aac
分类: ☘️央视频道, 名称: CCTV-13, 有效: 4, IPv4: 40, IPv6: 0, 最小延迟: 123 ms, 最高速率: 10.68 M/s, 平均速率: 5.82 M/s, 最高分辨率: 1920x1080, 平均帧率: 41.67, 视频编解码器: h264, 音频编解码器: mp2
分类: ☘️央视频道, 名称: CCTV-14, 有效: 4, IPv4: 41, IPv6: 0, 最小延迟: 89 ms, 最高速率: 13.20 M/s, 平均速率: 6.63 M/s, 最高分辨率: 1920x1080, 平均帧率: 37.50, 视频编解码器: h264, 音频编解码器: aac
分类: ☘️央视频道, 名称: CCTV-15, 有效: 3, IPv4: 38, IPv6: 0, 最小延迟: 171 ms, 最高速率: 12.09 M/s, 平均速率: 5.97 M/s, 最高分辨率: 1920x1080, 平均帧率: 33.33, 视频编解码器: h264, 音频编解码器: aac
分类: ☘️央视频道, 名称: CCTV-17, 有效: 4, IPv4: 35, IPv6: 0, 最小延迟: 111 ms, 最高速率: 12.10 M/s, 平均速率: 6.71 M/s, 最高分辨率: 1920x1080, 平均帧率: 50.00, 视频编解码器: h264, 音频编解码器: mp2
分类: 📡卫视频道, 名称: 香港卫视, 有效: 0, IPv4: 1, IPv6: 0, 最小延迟: -1 ms, 最高速率: 0.00 M/s, 平均速率: 0.00 M/s, 最高分辨率: None, 平均帧率: 未知, 视频编解码器: 未知, 音频编解码器: 未知
分类: 📡卫视频道, 名称: 广东卫视, 有效: 3, IPv4: 47, IPv6: 0, 最小延迟: 191 ms, 最高速率: 12.82 M/s, 平均速率: 11.61 M/s, 最高分辨率: 1920x1080, 平均帧率: 50.00, 视频编解码器: h264, 音频编解码器: mp2
分类: 📡卫视频道, 名称: 浙江卫视, 有效: 5, IPv4: 47, IPv6: 0, 最小延迟: 47 ms, 最高速率: 22.00 M/s, 平均速率: 11.74 M/s, 最高分辨率: 1920x1080, 平均帧率: 25.00, 视频编解码器: h264, 音频编解码器: mp2
分类: 📡卫视频道, 名称: 湖南卫视, 有效: 5, IPv4: 59, IPv6: 0, 最小延迟: 68 ms, 最高速率: 18.66 M/s, 平均速率: 11.25 M/s, 最高分辨率: 1920x1080, 平均帧率: 50.00, 视频编解码器: h264, 音频编解码器: mp2
分类: 📡卫视频道, 名称: 北京卫视, 有效: 4, IPv4: 52, IPv6: 0, 最小延迟: 43 ms, 最高速率: 20.89 M/s, 平均速率: 7.63 M/s, 最高分辨率: 1920x1080, 平均帧率: 37.50, 视频编解码器: h264, 音频编解码器: mp2
分类: 📡卫视频道, 名称: 湖北卫视, 有效: 3, IPv4: 45, IPv6: 0, 最小延迟: 52 ms, 最高速率: 21.46 M/s, 平均速率: 13.81 M/s, 最高分辨率: 1920x1080, 平均帧率: 50.00, 视频编解码器: h264, 音频编解码器: mp2
分类: 📡卫视频道, 名称: 黑龙江卫视, 有效: 3, IPv4: 39, IPv6: 0, 最小延迟: 46 ms, 最高速率: 23.72 M/s, 平均速率: 15.60 M/s, 最高分辨率: 1920x1080, 平均帧率: 50.00, 视频编解码器: h264, 音频编解码器: mp2
分类: 📡卫视频道, 名称: 安徽卫视, 有效: 1, IPv4: 40, IPv6: 0, 最小延迟: 55 ms, 最高速率: 21.65 M/s, 平均速率: 21.65 M/s, 最高分辨率: 1920x1080, 平均帧率: 50.00, 视频编解码器: h264, 音频编解码器: mp2
分类: 📡卫视频道, 名称: 重庆卫视, 有效: 1, IPv4: 39, IPv6: 0, 最小延迟: 44 ms, 最高速率: 22.53 M/s, 平均速率: 22.53 M/s, 最高分辨率: 1920x1080, 平均帧率: 37.50, 视频编解码器: h264, 音频编解码器: mp2
分类: 📡卫视频道, 名称: 东方卫视, 有效: 3, IPv4: 41, IPv6: 0, 最小延迟: 45 ms, 最高速率: 20.94 M/s, 平均速率: 8.68 M/s, 最高分辨率: 1920x1080, 平均帧率: 37.50, 视频编解码器: h264, 音频编解码器: mp2
分类: 📡卫视频道, 名称: 东南卫视, 有效: 2, IPv4: 39, IPv6: 0, 最小延迟: 52 ms, 最高速率: 21.60 M/s, 平均速率: 12.71 M/s, 最高分辨率: 1920x1080, 平均帧率: 25.00, 视频编解码器: h264, 音频编解码器: mp2
分类: 📡卫视频道, 名称: 甘肃卫视, 有效: 3, IPv4: 25, IPv6: 0, 最小延迟: 50 ms, 最高速率: 20.81 M/s, 平均速率: 11.91 M/s, 最高分辨率: 1920x1080, 平均帧率: 50.00, 视频编解码器: h264, 音频编解码器: mp2
分类: 📡卫视频道, 名称: 广西卫视, 有效: 4, IPv4: 37, IPv6: 0, 最小延迟: 38 ms, 最高速率: 27.72 M/s, 平均速率: 11.65 M/s, 最高分辨率: 1920x1080, 平均帧率: 50.00, 视频编解码器: h264, 音频编解码器: mp2
分类: 📡卫视频道, 名称: 贵州卫视, 有效: 3, IPv4: 36, IPv6: 0, 最小延迟: 43 ms, 最高速率: 24.62 M/s, 平均速率: 12.85 M/s, 最高分辨率: 1920x1080, 平均帧率: 33.33, 视频编解码器: h264, 音频编解码器: mp2
分类: 📡卫视频道, 名称: 海南卫视, 有效: 1, IPv4: 29, IPv6: 0, 最小延迟: 40 ms, 最高速率: 24.47 M/s, 平均速率: 24.47 M/s, 最高分辨率: 1920x1080, 平均帧率: 25.00, 视频编解码器: h264, 音频编解码器: aac
分类: 📡卫视频道, 名称: 河北卫视, 有效: 2, IPv4: 36, IPv6: 0, 最小延迟: 41 ms, 最高速率: 26.18 M/s, 平均速率: 13.68 M/s, 最高分辨率: 1920x1080, 平均帧率: 41.67, 视频编解码器: h264, 音频编解码器: mp2
分类: 📡卫视频道, 名称: 河南卫视, 有效: 2, IPv4: 39, IPv6: 0, 最小延迟: 47 ms, 最高速率: 22.38 M/s, 平均速率: 17.15 M/s, 最高分辨率: 1920x1080, 平均帧率: 50.00, 视频编解码器: h264, 音频编解码器: mp2
分类: 📡卫视频道, 名称: 吉林卫视, 有效: 4, IPv4: 38, IPv6: 0, 最小延迟: 38 ms, 最高速率: 24.01 M/s, 平均速率: 12.95 M/s, 最高分辨率: 1920x1080, 平均帧率: 37.50, 视频编解码器: h264, 音频编解码器: mp2
分类: 📡卫视频道, 名称: 江苏卫视, 有效: 2, IPv4: 45, IPv6: 0, 最小延迟: 82 ms, 最高速率: 11.93 M/s, 平均速率: 6.61 M/s, 最高分辨率: 1920x1080, 平均帧率: 50.00, 视频编解码器: h264, 音频编解码器: mp2
分类: 📡卫视频道, 名称: 江西卫视, 有效: 3, IPv4: 41, IPv6: 0, 最小延迟: 47 ms, 最高速率: 21.71 M/s, 平均速率: 11.57 M/s, 最高分辨率: 1920x1080, 平均帧率: 50.00, 视频编解码器: h264, 音频编解码器: mp2
分类: 📡卫视频道, 名称: 辽宁卫视, 有效: 3, IPv4: 39, IPv6: 0, 最小延迟: 44 ms, 最高速率: 23.19 M/s, 平均速率: 19.15 M/s, 最高分辨率: 1920x1080, 平均帧率: 50.00, 视频编解码器: h264, 音频编解码器: mp2
分类: 📡卫视频道, 名称: 内蒙古卫视, 有效: 1, IPv4: 22, IPv6: 0, 最小延迟: 48 ms, 最高速率: 22.39 M/s, 平均速率: 22.39 M/s, 最高分辨率: 1920x1080, 平均帧率: 25.00, 视频编解码器: h264, 音频编解码器: mp2
分类: 📡卫视频道, 名称: 宁夏卫视, 有效: 1, IPv4: 20, IPv6: 0, 最小延迟: 42 ms, 最高速率: 21.47 M/s, 平均速率: 21.47 M/s, 最高分辨率: 1920x1080, 平均帧率: 50.00, 视频编解码器: h264, 音频编解码器: mp2
分类: 📡卫视频道, 名称: 青海卫视, 有效: 2, IPv4: 32, IPv6: 0, 最小延迟: 41 ms, 最高速率: 22.51 M/s, 平均速率: 17.17 M/s, 最高分辨率: 1920x1080, 平均帧率: 50.00, 视频编解码器: h264, 音频编解码器: mp2
分类: 📡卫视频道, 名称: 山东卫视, 有效: 3, IPv4: 36, IPv6: 0, 最小延迟: 41 ms, 最高速率: 24.26 M/s, 平均速率: 17.65 M/s, 最高分辨率: 1920x1080, 平均帧率: 37.50, 视频编解码器: h264, 音频编解码器: mp2
分类: 📡卫视频道, 名称: 山西卫视, 有效: 2, IPv4: 24, IPv6: 0, 最小延迟: 45 ms, 最高速率: 23.59 M/s, 平均速率: 17.83 M/s, 最高分辨率: 1920x1080, 平均帧率: 25.00, 视频编解码器: h264, 音频编解码器: mp2
分类: 📡卫视频道, 名称: 陕西卫视, 有效: 1, IPv4: 28, IPv6: 0, 最小延迟: 44 ms, 最高速率: 22.10 M/s, 平均速率: 22.10 M/s, 最高分辨率: 1920x1080, 平均帧率: 25.00, 视频编解码器: h264, 音频编解码器: mp2
分类: 📡卫视频道, 名称: 四川卫视, 有效: 3, IPv4: 43, IPv6: 0, 最小延迟: 42 ms, 最高速率: 22.86 M/s, 平均速率: 13.98 M/s, 最高分辨率: 1920x1080, 平均帧率: 未知, 视频编解码器: 未知, 音频编解码器: 未知
分类: 📡卫视频道, 名称: 深圳卫视, 有效: 2, IPv4: 41, IPv6: 0, 最小延迟: 40 ms, 最高速率: 26.57 M/s, 平均速率: 20.18 M/s, 最高分辨率: 1920x1080, 平均帧率: 26.66, 视频编解码器: h264, 音频编解码器: mp2
分类: 📡卫视频道, 名称: 三沙卫视, 有效: 1, IPv4: 18, IPv6: 0, 最小延迟: 51 ms, 最高速率: 21.89 M/s, 平均速率: 21.89 M/s, 最高分辨率: 1920x1080, 平均帧率: 未知, 视频编解码器: 未知, 音频编解码器: 未知
分类: 📡卫视频道, 名称: 天津卫视, 有效: 3, IPv4: 37, IPv6: 0, 最小延迟: 47 ms, 最高速率: 21.20 M/s, 平均速率: 15.74 M/s, 最高分辨率: 1920x1080, 平均帧率: 50.00, 视频编解码器: h264, 音频编解码器: mp2
分类: 📡卫视频道, 名称: 西藏卫视, 有效: 1, IPv4: 17, IPv6: 0, 最小延迟: 39 ms, 最高速率: 24.68 M/s, 平均速率: 24.68 M/s, 最高分辨率: 1920x1080, 平均帧率: 未知, 视频编解码器: 未知, 音频编解码器: 未知
分类: 📡卫视频道, 名称: 新疆卫视, 有效: 1, IPv4: 17, IPv6: 0, 最小延迟: 38 ms, 最高速率: 25.87 M/s, 平均速率: 25.87 M/s, 最高分辨率: 1920x1080, 平均帧率: 未知, 视频编解码器: 未知, 音频编解码器: 未知
分类: 📡卫视频道, 名称: 云南卫视, 有效: 2, IPv4: 29, IPv6: 0, 最小延迟: 206 ms, 最高速率: 15.84 M/s, 平均速率: 13.44 M/s, 最高分辨率: 1920x1080, 平均帧率: 50.00, 视频编解码器: h264, 音频编解码器: mp2
分类: ☘️北京频道, 名称: BTV文艺, 有效: 0, IPv4: 1, IPv6: 0, 最小延迟: 10082 ms, 最高速率: 0.04 M/s, 平均速率: 0.00 M/s, 最高分辨率: 1920x1080, 平均帧率: 未知, 视频编解码器: 未知, 音频编解码器: 未知
分类: ☘️北京频道, 名称: BTV新闻, 有效: 0, IPv4: 1, IPv6: 0, 最小延迟: 10107 ms, 最高速率: 0.04 M/s, 平均速率: 0.00 M/s, 最高分辨率: 1920x1080, 平均帧率: 未知, 视频编解码器: 未知, 音频编解码器: 未知
分类: ☘️北京频道, 名称: BTV影视, 有效: 0, IPv4: 1, IPv6: 0, 最小延迟: 10430 ms, 最高速率: 0.03 M/s, 平均速率: 0.00 M/s, 最高分辨率: 1920x1080, 平均帧率: 未知, 视频编解码器: 未知, 音频编解码器: 未知
分类: ☘️北京频道, 名称: BTV科教, 有效: 0, IPv4: 1, IPv6: 0, 最小延迟: 10761 ms, 最高速率: 0.02 M/s, 平均速率: 0.00 M/s, 最高分辨率: 1920x1080, 平均帧率: 未知, 视频编解码器: 未知, 音频编解码器: 未知
分类: ☘️北京频道, 名称: BTV财经, 有效: 0, IPv4: 1, IPv6: 0, 最小延迟: 10732 ms, 最高速率: 0.04 M/s, 平均速率: 0.00 M/s, 最高分辨率: 1920x1080, 平均帧率: 未知, 视频编解码器: 未知, 音频编解码器: 未知
分类: ☘️香港频道, 名称: 凤凰资讯, 有效: 0, IPv4: 10, IPv6: 0, 最小延迟: 93 ms, 最高速率: 77.69 M/s, 平均速率: 0.00 M/s, 最高分辨率: None, 平均帧率: 未知, 视频编解码器: 未知, 音频编解码器: 未知
分类: ☘️北京频道, 名称: BTV生活, 有效: 0, IPv4: 1, IPv6: 0, 最小延迟: 10274 ms, 最高速率: 0.02 M/s, 平均速率: 0.00 M/s, 最高分辨率: 1920x1080, 平均帧率: 未知, 视频编解码器: 未知, 音频编解码器: 未知
分类: ☘️北京频道, 名称: BTV体育, 有效: 0, IPv4: 1, IPv6: 0, 最小延迟: 10607 ms, 最高速率: 0.03 M/s, 平均速率: 0.00 M/s, 最高分辨率: 1920x1080, 平均帧率: 未知, 视频编解码器: 未知, 音频编解码器: 未知
分类: ☘️香港频道, 名称: 凤凰中文, 有效: 0, IPv4: 12, IPv6: 0, 最小延迟: 114 ms, 最高速率: 68.02 M/s, 平均速率: 0.00 M/s, 最高分辨率: None, 平均帧率: 未知, 视频编解码器: 未知, 音频编解码器: 未知
分类: ☘️香港频道, 名称: 凤凰香港, 有效: 0, IPv4: 5, IPv6: 0, 最小延迟: 76 ms, 最高速率: 59.28 M/s, 平均速率: 0.00 M/s, 最高分辨率: None, 平均帧率: 未知, 视频编解码器: 未知, 音频编解码器: 未知
分类: ☘️香港频道, 名称: TVB PLUS, 有效: 0, IPv4: 2, IPv6: 0, 最小延迟: -1 ms, 最高速率: 0.00 M/s, 平均速率: 0.00 M/s, 最高分辨率: None, 平均帧率: 未知, 视频编解码器: 未知, 音频编解码器: 未知
分类: ☘️香港频道, 名称: TVB翡翠4K, 有效: 0, IPv4: 1, IPv6: 0, 最小延迟: 233 ms, 最高速率: 82.76 M/s, 平均速率: 0.00 M/s, 最高分辨率: None, 平均帧率: 未知, 视频编解码器: 未知, 音频编解码器: 未知
分类: ☘️香港频道, 名称: TVB翡翠, 有效: 0, IPv4: 3, IPv6: 0, 最小延迟: 200 ms, 最高速率: 44.83 M/s, 平均速率: 0.00 M/s, 最高分辨率: None, 平均帧率: 未知, 视频编解码器: 未知, 音频编解码器: 未知
分类: ☘️香港频道, 名称: TVB星河, 有效: 1, IPv4: 3, IPv6: 0, 最小延迟: 71 ms, 最高速率: 45.18 M/s, 平均速率: 0.24 M/s, 最高分辨率: 1280x720, 平均帧率: 25.00, 视频编解码器: h264, 音频编解码器: aac
分类: ☘️香港频道, 名称: 环球电视, 有效: 1, IPv4: 2, IPv6: 0, 最小延迟: 2507 ms, 最高速率: 0.21 M/s, 平均速率: 0.21 M/s, 最高分辨率: 1280x720, 平均帧率: 25.00, 视频编解码器: h264, 音频编解码器: aac
分类: ☘️香港频道, 名称: 耀才财经, 有效: 0, IPv4: 2, IPv6: 0, 最小延迟: -1 ms, 最高速率: 0.00 M/s, 平均速率: 0.00 M/s, 最高分辨率: None, 平均帧率: 未知, 视频编解码器: 未知, 音频编解码器: 未知
分类: ☘️香港频道, 名称: 香港面包, 有效: 1, IPv4: 1, IPv6: 0, 最小延迟: 2770 ms, 最高速率: 1.17 M/s, 平均速率: 1.17 M/s, 最高分辨率: 1920x1080, 平均帧率: 未知, 视频编解码器: 未知, 音频编解码器: 未知
分类: ☘️香港频道, 名称: NOW爆谷, 有效: 0, IPv4: 3, IPv6: 0, 最小延迟: -1 ms, 最高速率: 0.00 M/s, 平均速率: 0.00 M/s, 最高分辨率: None, 平均帧率: 未知, 视频编解码器: 未知, 音频编解码器: 未知
分类: ☘️香港频道, 名称: NOW星影, 有效: 0, IPv4: 3, IPv6: 0, 最小延迟: -1 ms, 最高速率: 0.00 M/s, 平均速率: 0.00 M/s, 最高分辨率: None, 平均帧率: 未知, 视频编解码器: 未知, 音频编解码器: 未知
分类: ☘️香港频道, 名称: C+, 有效: 2, IPv4: 4, IPv6: 0, 最小延迟: 1716 ms, 最高速率: 0.71 M/s, 平均速率: 0.63 M/s, 最高分辨率: 1920x1080, 平均帧率: 25.00, 视频编解码器: h264, 音频编解码器: aac
分类: ☘️香港频道, 名称: NOW新闻, 有效: 0, IPv4: 2, IPv6: 0, 最小延迟: 2053 ms, 最高速率: 10.25 M/s, 平均速率: 0.00 M/s, 最高分辨率: None, 平均帧率: 未知, 视频编解码器: 未知, 音频编解码器: 未知
分类: ☘️香港频道, 名称: 美亚电影, 有效: 0, IPv4: 3, IPv6: 0, 最小延迟: -1 ms, 最高速率: 0.00 M/s, 平均速率: 0.00 M/s, 最高分辨率: None, 平均帧率: 未知, 视频编解码器: 未知, 音频编解码器: 未知
分类: ☘️香港频道, 名称: 天映经典, 有效: 0, IPv4: 3, IPv6: 0, 最小延迟: 2107 ms, 最高速率: 0.40 M/s, 平均速率: 0.00 M/s, 最高分辨率: 1024x576, 平均帧率: 25.00, 视频编解码器: h264, 音频编解码器: aac
分类: ☘️香港频道, 名称: 天映频道, 有效: 0, IPv4: 1, IPv6: 0, 最小延迟: 2491 ms, 最高速率: 0.27 M/s, 平均速率: 0.00 M/s, 最高分辨率: 1920x1080, 平均帧率: 未知, 视频编解码器: 未知, 音频编解码器: 未知
分类: ☘️香港频道, 名称: TVB明珠, 有效: 0, IPv4: 5, IPv6: 0, 最小延迟: 68 ms, 最高速率: 47.08 M/s, 平均速率: 0.00 M/s, 最高分辨率: 1920x1080, 平均帧率: 25.00, 视频编解码器: h264, 音频编解码器: aac
分类: ☘️香港频道, 名称: TVB千禧经典, 有效: 0, IPv4: 3, IPv6: 0, 最小延迟: 761 ms, 最高速率: 0.63 M/s, 平均速率: 0.00 M/s, 最高分辨率: 1920x1080, 平均帧率: 37.50, 视频编解码器: h264, 音频编解码器: aac
分类: ☘️香港频道, 名称: 卫视电影, 有效: 0, IPv4: 1, IPv6: 0, 最小延迟: -1 ms, 最高速率: 0.00 M/s, 平均速率: 0.00 M/s, 最高分辨率: None, 平均帧率: 未知, 视频编解码器: 未知, 音频编解码器: 未知
分类: ☘️香港频道, 名称: VIUTV, 有效: 0, IPv4: 1, IPv6: 0, 最小延迟: -1 ms, 最高速率: 0.00 M/s, 平均速率: 0.00 M/s, 最高分辨率: None, 平均帧率: 未知, 视频编解码器: 未知, 音频编解码器: 未知
分类: ☘️香港频道, 名称: 凤凰电影, 有效: 0, IPv4: 3, IPv6: 0, 最小延迟: 5799 ms, 最高速率: 0.12 M/s, 平均速率: 0.00 M/s, 最高分辨率: 1920x1080, 平均帧率: 25.00, 视频编解码器: h264, 音频编解码器: mp2
分类: ☘️香港频道, 名称: FashionTV Paris L'Original (1080p), 有效: 1, IPv4: 1, IPv6: 0, 最小延迟: 46 ms, 最高速率: 78.63 M/s, 平均速率: 78.63 M/s, 最高分辨率: 1920x1080, 平均帧率: 未知, 视频编解码器: 未知, 音频编解码器: 未知
分类: ☘️香港频道, 名称: Fashion TV, 有效: 0, IPv4: 1, IPv6: 0, 最小延迟: -1 ms, 最高速率: 0.00 M/s, 平均速率: 0.00 M/s, 最高分辨率: None, 平均帧率: 未知, 视频编解码器: 未知, 音频编解码器: 未知
分类: ☘️香港频道, 名称: VIUTV6, 有效: 0, IPv4: 1, IPv6: 0, 最小延迟: -1 ms, 最高速率: 0.00 M/s, 平均速率: 0.00 M/s, 最高分辨率: None, 平均帧率: 未知, 视频编解码器: 未知, 音频编解码器: 未知
分类: ☘️台湾频道, 名称: BLOOMBERG, 有效: 0, IPv4: 1, IPv6: 0, 最小延迟: -1 ms, 最高速率: 0.00 M/s, 平均速率: 0.00 M/s, 最高分辨率: None, 平均帧率: 未知, 视频编解码器: 未知, 音频编解码器: 未知
分类: ☘️香港频道, 名称: Fashion CZ, 有效: 0, IPv4: 1, IPv6: 0, 最小延迟: 1207 ms, 最高速率: 1.14 M/s, 平均速率: 0.00 M/s, 最高分辨率: 800x450, 平均帧率: 25.00, 视频编解码器: h264, 音频编解码器: aac
分类: ☘️台湾频道, 名称: TVBS新闻, 有效: 1, IPv4: 3, IPv6: 0, 最小延迟: 8315 ms, 最高速率: 0.22 M/s, 平均速率: 0.22 M/s, 最高分辨率: 1280x720, 平均帧率: 未知, 视频编解码器: 未知, 音频编解码器: 未知
分类: ☘️香港频道, 名称: 星空卫视, 有效: 0, IPv4: 5, IPv6: 0, 最小延迟: 10856 ms, 最高速率: 0.16 M/s, 平均速率: 0.00 M/s, 最高分辨率: 1920x1080, 平均帧率: 25.00, 视频编解码器: h264, 音频编解码器: mp2
分类: ☘️台湾频道, 名称: 东森新闻, 有效: 0, IPv4: 2, IPv6: 0, 最小延迟: -1 ms, 最高速率: 0.00 M/s, 平均速率: 0.00 M/s, 最高分辨率: None, 平均帧率: 未知, 视频编解码器: 未知, 音频编解码器: 未知
分类: ☘️台湾频道, 名称: TVBS, 有效: 0, IPv4: 4, IPv6: 0, 最小延迟: 841 ms, 最高速率: 0.09 M/s, 平均速率: 0.00 M/s, 最高分辨率: 1920x1080, 平均帧率: 29.00, 视频编解码器: h264, 音频编解码器: aac
分类: ☘️台湾频道, 名称: 东森美洲, 有效: 0, IPv4: 2, IPv6: 0, 最小延迟: -1 ms, 最高速率: 0.00 M/s, 平均速率: 0.00 M/s, 最高分辨率: None, 平均帧率: 未知, 视频编解码器: 未知, 音频编解码器: 未知
分类: ☘️台湾频道, 名称: TVBS亚洲, 有效: 3, IPv4: 7, IPv6: 0, 最小延迟: 2613 ms, 最高速率: 0.89 M/s, 平均速率: 0.72 M/s, 最高分辨率: 1920x1080, 平均帧率: 29.97, 视频编解码器: h264, 音频编解码器: aac
分类: ☘️台湾频道, 名称: 东森超视, 有效: 1, IPv4: 3, IPv6: 0, 最小延迟: 2357 ms, 最高速率: 0.52 M/s, 平均速率: 0.52 M/s, 最高分辨率: 1920x1080, 平均帧率: 未知, 视频编解码器: 未知, 音频编解码器: 未知
分类: ☘️台湾频道, 名称: 寰宇新闻, 有效: 0, IPv4: 3, IPv6: 0, 最小延迟: -1 ms, 最高速率: 0.00 M/s, 平均速率: 0.00 M/s, 最高分辨率: None, 平均帧率: 未知, 视频编解码器: 未知, 音频编解码器: 未知
分类: ☘️台湾频道, 名称: 民视台湾, 有效: 1, IPv4: 1, IPv6: 0, 最小延迟: 276 ms, 最高速率: 8.48 M/s, 平均速率: 8.48 M/s, 最高分辨率: 1920x1080, 平均帧率: 未知, 视频编解码器: 未知, 音频编解码器: 未知
分类: ☘️台湾频道, 名称: 民视第一, 有效: 1, IPv4: 1, IPv6: 0, 最小延迟: 397 ms, 最高速率: 5.49 M/s, 平均速率: 5.49 M/s, 最高分辨率: 1920x1080, 平均帧率: 未知, 视频编解码器: 未知, 音频编解码器: 未知
分类: ☘️台湾频道, 名称: 镜新闻, 有效: 1, IPv4: 3, IPv6: 0, 最小延迟: 1701 ms, 最高速率: 2.81 M/s, 平均速率: 2.81 M/s, 最高分辨率: 1920x1080, 平均帧率: 未知, 视频编解码器: 未知, 音频编解码器: 未知
分类: ☘️台湾频道, 名称: 民视, 有效: 1, IPv4: 3, IPv6: 0, 最小延迟: 191 ms, 最高速率: 11.24 M/s, 平均速率: 11.24 M/s, 最高分辨率: 1920x1080, 平均帧率: 未知, 视频编解码器: 未知, 音频编解码器: 未知
分类: ☘️台湾频道, 名称: 台视, 有效: 0, IPv4: 3, IPv6: 0, 最小延迟: -1 ms, 最高速率: 0.00 M/s, 平均速率: 0.00 M/s, 最高分辨率: None, 平均帧率: 未知, 视频编解码器: 未知, 音频编解码器: 未知
分类: ☘️台湾频道, 名称: 三立INEWS, 有效: 0, IPv4: 1, IPv6: 0, 最小延迟: -1 ms, 最高速率: 0.00 M/s, 平均速率: 0.00 M/s, 最高分辨率: None, 平均帧率: 未知, 视频编解码器: 未知, 音频编解码器: 未知
分类: ☘️台湾频道, 名称: 民视新闻, 有效: 1, IPv4: 6, IPv6: 0, 最小延迟: 202 ms, 最高速率: 10.84 M/s, 平均速率: 10.84 M/s, 最高分辨率: 1920x1080, 平均帧率: 29.97, 视频编解码器: h264, 音频编解码器: aac
分类: ☘️台湾频道, 名称: 台视财经, 有效: 1, IPv4: 2, IPv6: 0, 最小延迟: 182 ms, 最高速率: 11.48 M/s, 平均速率: 11.48 M/s, 最高分辨率: 1920x1080, 平均帧率: 未知, 视频编解码器: 未知, 音频编解码器: 未知
分类: ☘️台湾频道, 名称: 中视, 有效: 1, IPv4: 3, IPv6: 0, 最小延迟: 169 ms, 最高速率: 11.04 M/s, 平均速率: 11.04 M/s, 最高分辨率: 1920x1080, 平均帧率: 未知, 视频编解码器: 未知, 音频编解码器: 未知
分类: ☘️台湾频道, 名称: 中视经典, 有效: 1, IPv4: 1, IPv6: 0, 最小延迟: 183 ms, 最高速率: 12.16 M/s, 平均速率: 12.16 M/s, 最高分辨率: 1920x1080, 平均帧率: 未知, 视频编解码器: 未知, 音频编解码器: 未知
分类: ☘️台湾频道, 名称: 中视菁采, 有效: 1, IPv4: 1, IPv6: 0, 最小延迟: 187 ms, 最高速率: 12.44 M/s, 平均速率: 12.44 M/s, 最高分辨率: 1920x1080, 平均帧率: 未知, 视频编解码器: 未知, 音频编解码器: 未知
分类: ☘️台湾频道, 名称: 台视新闻, 有效: 3, IPv4: 5, IPv6: 0, 最小延迟: 182 ms, 最高速率: 11.97 M/s, 平均速率: 4.37 M/s, 最高分辨率: 1920x1080, 平均帧率: 29.97, 视频编解码器: h264, 音频编解码器: aac
分类: ☘️台湾频道, 名称: 中视新闻, 有效: 1, IPv4: 3, IPv6: 0, 最小延迟: 179 ms, 最高速率: 12.69 M/s, 平均速率: 12.69 M/s, 最高分辨率: 1920x1080, 平均帧率: 未知, 视频编解码器: 未知, 音频编解码器: 未知
分类: ☘️台湾频道, 名称: 中天综合, 有效: 0, IPv4: 1, IPv6: 0, 最小延迟: -1 ms, 最高速率: 0.00 M/s, 平均速率: 0.00 M/s, 最高分辨率: None, 平均帧率: 未知, 视频编解码器: 未知, 音频编解码器: 未知
分类: ☘️台湾频道, 名称: 今日新闻, 有效: 0, IPv4: 1, IPv6: 0, 最小延迟: -1 ms, 最高速率: 0.00 M/s, 平均速率: 0.00 M/s, 最高分辨率: None, 平均帧率: 未知, 视频编解码器: 未知, 音频编解码器: 未知
分类: ☘️台湾频道, 名称: BBC LIFESTYLE, 有效: 0, IPv4: 1, IPv6: 0, 最小延迟: -1 ms, 最高速率: 0.00 M/s, 平均速率: 0.00 M/s, 最高分辨率: None, 平均帧率: 未知, 视频编解码器: 未知, 音频编解码器: 未知
分类: ☘️台湾频道, 名称: BBC EARTH, 有效: 0, IPv4: 1, IPv6: 0, 最小延迟: -1 ms, 最高速率: 0.00 M/s, 平均速率: 0.00 M/s, 最高分辨率: None, 平均帧率: 未知, 视频编解码器: 未知, 音频编解码器: 未知
分类: ☘️台湾频道, 名称: CI犯罪调查, 有效: 0, IPv4: 1, IPv6: 0, 最小延迟: -1 ms, 最高速率: 0.00 M/s, 平均速率: 0.00 M/s, 最高分辨率: None, 平均帧率: 未知, 视频编解码器: 未知, 音频编解码器: 未知
分类: ☘️台湾频道, 名称: 历史, 有效: 0, IPv4: 1, IPv6: 0, 最小延迟: -1 ms, 最高速率: 0.00 M/s, 平均速率: 0.00 M/s, 最高分辨率: None, 平均帧率: 未知, 视频编解码器: 未知, 音频编解码器: 未知
分类: ☘️台湾频道, 名称: 麦哲伦, 有效: 0, IPv4: 1, IPv6: 0, 最小延迟: -1 ms, 最高速率: 0.00 M/s, 平均速率: 0.00 M/s, 最高分辨率: None, 平均帧率: 未知, 视频编解码器: 未知, 音频编解码器: 未知
分类: ☘️台湾频道, 名称: 幸福空间居家, 有效: 0, IPv4: 1, IPv6: 0, 最小延迟: -1 ms, 最高速率: 0.00 M/s, 平均速率: 0.00 M/s, 最高分辨率: None, 平均帧率: 未知, 视频编解码器: 未知, 音频编解码器: 未知
分类: ☘️台湾频道, 名称: ELEVEN1, 有效: 0, IPv4: 1, IPv6: 0, 最小延迟: -1 ms, 最高速率: 0.00 M/s, 平均速率: 0.00 M/s, 最高分辨率: None, 平均帧率: 未知, 视频编解码器: 未知, 音频编解码器: 未知
分类: ☘️台湾频道, 名称: ELEVEN2, 有效: 0, IPv4: 1, IPv6: 0, 最小延迟: -1 ms, 最高速率: 0.00 M/s, 平均速率: 0.00 M/s, 最高分辨率: None, 平均帧率: 未知, 视频编解码器: 未知, 音频编解码器: 未知
分类: ☘️台湾频道, 名称: MOMO综合, 有效: 0, IPv4: 1, IPv6: 0, 最小延迟: -1 ms, 最高速率: 0.00 M/s, 平均速率: 0.00 M/s, 最高分辨率: None, 平均帧率: 未知, 视频编解码器: 未知, 音频编解码器: 未知
分类: ☘️台湾频道, 名称: 公视, 有效: 1, IPv4: 2, IPv6: 0, 最小延迟: 197 ms, 最高速率: 11.27 M/s, 平均速率: 11.27 M/s, 最高分辨率: 1920x1080, 平均帧率: 未知, 视频编解码器: 未知, 音频编解码器: 未知
分类: ☘️台湾频道, 名称: 公视少儿, 有效: 1, IPv4: 1, IPv6: 0, 最小延迟: 182 ms, 最高速率: 10.42 M/s, 平均速率: 10.42 M/s, 最高分辨率: 1920x1080, 平均帧率: 未知, 视频编解码器: 未知, 音频编解码器: 未知
分类: ☘️台湾频道, 名称: 公视台语, 有效: 1, IPv4: 1, IPv6: 0, 最小延迟: 187 ms, 最高速率: 11.93 M/s, 平均速率: 11.93 M/s, 最高分辨率: 1920x1080, 平均帧率: 未知, 视频编解码器: 未知, 音频编解码器: 未知
分类: ☘️台湾频道, 名称: 华视, 有效: 1, IPv4: 3, IPv6: 0, 最小延迟: 168 ms, 最高速率: 12.07 M/s, 平均速率: 12.07 M/s, 最高分辨率: 1920x1080, 平均帧率: 未知, 视频编解码器: 未知, 音频编解码器: 未知
分类: ☘️台湾频道, 名称: THRILL, 有效: 0, IPv4: 1, IPv6: 0, 最小延迟: -1 ms, 最高速率: 0.00 M/s, 平均速率: 0.00 M/s, 最高分辨率: None, 平均帧率: 未知, 视频编解码器: 未知, 音频编解码器: 未知
分类: ☘️台湾频道, 名称: 华视新闻资讯, 有效: 1, IPv4: 1, IPv6: 0, 最小延迟: 275 ms, 最高速率: 7.33 M/s, 平均速率: 7.33 M/s, 最高分辨率: 1920x1080, 平均帧率: 未知, 视频编解码器: 未知, 音频编解码器: 未知
分类: ☘️台湾频道, 名称: 纬来日本, 有效: 0, IPv4: 2, IPv6: 0, 最小延迟: -1 ms, 最高速率: 0.00 M/s, 平均速率: 0.00 M/s, 最高分辨率: None, 平均帧率: 未知, 视频编解码器: 未知, 音频编解码器: 未知
分类: ☘️台湾频道, 名称: 华视教育文化, 有效: 1, IPv4: 1, IPv6: 0, 最小延迟: 292 ms, 最高速率: 7.34 M/s, 平均速率: 7.34 M/s, 最高分辨率: 1920x1080, 平均帧率: 未知, 视频编解码器: 未知, 音频编解码器: 未知
分类: ☘️台湾频道, 名称: 纬来育乐, 有效: 0, IPv4: 2, IPv6: 0, 最小延迟: -1 ms, 最高速率: 0.00 M/s, 平均速率: 0.00 M/s, 最高分辨率: None, 平均帧率: 未知, 视频编解码器: 未知, 音频编解码器: 未知
分类: ☘️台湾频道, 名称: 纬来体育, 有效: 1, IPv4: 18, IPv6: 0, 最小延迟: 199 ms, 最高速率: 0.45 M/s, 平均速率: 0.45 M/s, 最高分辨率: 1280x720, 平均帧率: 未知, 视频编解码器: 未知, 音频编解码器: 未知
分类: ☘️台湾频道, 名称: 中天新闻, 有效: 0, IPv4: 4, IPv6: 0, 最小延迟: 733 ms, 最高速率: 0.10 M/s, 平均速率: 0.00 M/s, 最高分辨率: 1920x1080, 平均帧率: 30.00, 视频编解码器: h264, 音频编解码器: aac
分类: ☘️国际频道, 名称: NBA TV, 有效: 1, IPv4: 2, IPv6: 0, 最小延迟: 356 ms, 最高速率: 15.58 M/s, 平均速率: 15.58 M/s, 最高分辨率: 1280x720, 平均帧率: 未知, 视频编解码器: 未知, 音频编解码器: 未知
分类: ☘️国际频道, 名称: AMC East (1080p), 有效: 0, IPv4: 1, IPv6: 0, 最小延迟: -1 ms, 最高速率: 0.00 M/s, 平均速率: 0.00 M/s, 最高分辨率: None, 平均帧率: 未知, 视频编解码器: 未知, 音频编解码器: 未知
分类: ☘️国际频道, 名称: Cinemax, 有效: 0, IPv4: 1, IPv6: 0, 最小延迟: -1 ms, 最高速率: 0.00 M/s, 平均速率: 0.00 M/s, 最高分辨率: None, 平均帧率: 未知, 视频编解码器: 未知, 音频编解码器: 未知
分类: ☘️国际频道, 名称: HBO, 有效: 0, IPv4: 2, IPv6: 0, 最小延迟: -1 ms, 最高速率: 0.00 M/s, 平均速率: 0.00 M/s, 最高分辨率: None, 平均帧率: 未知, 视频编解码器: 未知, 音频编解码器: 未知
分类: ☘️国际频道, 名称: Showtime 2 East, 有效: 0, IPv4: 1, IPv6: 0, 最小延迟: -1 ms, 最高速率: 0.00 M/s, 平均速率: 0.00 M/s, 最高分辨率: None, 平均帧率: 未知, 视频编解码器: 未知, 音频编解码器: 未知
分类: ☘️国际频道, 名称: Showtime East, 有效: 0, IPv4: 1, IPv6: 0, 最小延迟: -1 ms, 最高速率: 0.00 M/s, 平均速率: 0.00 M/s, 最高分辨率: None, 平均帧率: 未知, 视频编解码器: 未知, 音频编解码器: 未知
分类: ☘️国际频道, 名称: Showtime Next East, 有效: 0, IPv4: 1, IPv6: 0, 最小延迟: -1 ms, 最高速率: 0.00 M/s, 平均速率: 0.00 M/s, 最高分辨率: None, 平均帧率: 未知, 视频编解码器: 未知, 音频编解码器: 未知
分类: ☘️国际频道, 名称: Showtime Women East, 有效: 0, IPv4: 1, IPv6: 0, 最小延迟: -1 ms, 最高速率: 0.00 M/s, 平均速率: 0.00 M/s, 最高分辨率: None, 平均帧率: 未知, 视频编解码器: 未知, 音频编解码器: 未知
分类: ☘️国际频道, 名称: Start TV, 有效: 0, IPv4: 1, IPv6: 0, 最小延迟: -1 ms, 最高速率: 0.00 M/s, 平均速率: 0.00 M/s, 最高分辨率: None, 平均帧率: 未知, 视频编解码器: 未知, 音频编解码器: 未知
分类: ☘️国际频道, 名称: Starz East, 有效: 0, IPv4: 1, IPv6: 0, 最小延迟: -1 ms, 最高速率: 0.00 M/s, 平均速率: 0.00 M/s, 最高分辨率: None, 平均帧率: 未知, 视频编解码器: 未知, 音频编解码器: 未知
分类: ☘️国际频道, 名称: Starz Encore Classic East, 有效: 0, IPv4: 1, IPv6: 0, 最小延迟: -1 ms, 最高速率: 0.00 M/s, 平均速率: 0.00 M/s, 最高分辨率: None, 平均帧率: 未知, 视频编解码器: 未知, 音频编解码器: 未知
分类: ☘️国际频道, 名称: Paramount Network East, 有效: 0, IPv4: 1, IPv6: 0, 最小延迟: -1 ms, 最高速率: 0.00 M/s, 平均速率: 0.00 M/s, 最高分辨率: None, 平均帧率: 未知, 视频编解码器: 未知, 音频编解码器: 未知
分类: ☘️国际频道, 名称: Hallmark Movies Mysteries East, 有效: 0, IPv4: 1, IPv6: 0, 最小延迟: -1 ms, 最高速率: 0.00 M/s, 平均速率: 0.00 M/s, 最高分辨率: None, 平均帧率: 未知, 视频编解码器: 未知, 音频编解码器: 未知
分类: ☘️国际频道, 名称: Disney Channel East, 有效: 0, IPv4: 1, IPv6: 0, 最小延迟: -1 ms, 最高速率: 0.00 M/s, 平均速率: 0.00 M/s, 最高分辨率: None, 平均帧率: 未知, 视频编解码器: 未知, 音频编解码器: 未知
分类: ☘️国际频道, 名称: Disney Junior East, 有效: 0, IPv4: 1, IPv6: 0, 最小延迟: -1 ms, 最高速率: 0.00 M/s, 平均速率: 0.00 M/s, 最高分辨率: None, 平均帧率: 未知, 视频编解码器: 未知, 音频编解码器: 未知
分类: ☘️台湾频道, 名称: 非凡新闻, 有效: 0, IPv4: 3, IPv6: 0, 最小延迟: 91 ms, 最高速率: 0.00 M/s, 平均速率: 0.00 M/s, 最高分辨率: None, 平均帧率: 未知, 视频编解码器: 未知, 音频编解码器: 未知
分类: ☘️国际频道, 名称: BTV Киска (+18), 有效: 1, IPv4: 1, IPv6: 0, 最小延迟: 1730 ms, 最高速率: 3.22 M/s, 平均速率: 3.22 M/s, 最高分辨率: 1920x1080, 平均帧率: 未知, 视频编解码器: 未知, 音频编解码器: 未知
分类: ☘️国际频道, 名称: ESPN, 有效: 0, IPv4: 2, IPv6: 0, 最小延迟: 10011 ms, 最高速率: 0.13 M/s, 平均速率: 0.00 M/s, 最高分辨率: 1280x720, 平均帧率: 未知, 视频编解码器: 未知, 音频编解码器: 未知
分类: ☘️台湾频道, 名称: 台视综合, 有效: 1, IPv4: 2, IPv6: 0, 最小延迟: 179 ms, 最高速率: 12.10 M/s, 平均速率: 12.10 M/s, 最高分辨率: 1920x1080, 平均帧率: 未知, 视频编解码器: 未知, 音频编解码器: 未知
分类: ☘️国际频道, 名称: BBC News, 有效: 0, IPv4: 1, IPv6: 0, 最小延迟: 545 ms, 最高速率: 0.26 M/s, 平均速率: 0.00 M/s, 最高分辨率: 1024x576, 平均帧率: 25.00, 视频编解码器: h264, 音频编解码器: aac
